// Jest Snapshot v1, https://goo.gl/fbAQLP

exports[`Test Calendar Component 1`] = `
<div
  className="calendar-container"
>
  <div
    className="ant-row calendar-days-row"
    style={Object {}}
  >
    <div
      className="card-container"
    >
      <div
        className="day-card"
      >
        Sunday
      </div>
    </div>
    <div
      className="card-container"
    >
      <div
        className="day-card"
      >
        Monday
      </div>
    </div>
    <div
      className="card-container"
    >
      <div
        className="day-card"
      >
        Tuesday
      </div>
    </div>
    <div
      className="card-container"
    >
      <div
        className="day-card"
      >
        Wednesday
      </div>
    </div>
    <div
      className="card-container"
    >
      <div
        className="day-card"
      >
        Thursday
      </div>
    </div>
    <div
      className="card-container"
    >
      <div
        className="day-card"
      >
        Friday
      </div>
    </div>
    <div
      className="card-container"
    >
      <div
        className="day-card"
      >
        Saturday
      </div>
    </div>
  </div>
</div>
`;
