// Jest Snapshot v1, https://goo.gl/fbAQLP

exports[`Test Active Date Component Component 1`] = `
<div
  className="card-container"
>
  <div
    className=""
  >
    <div
      className="date-text"
      onClick={[Function]}
    >
      
    </div>
  </div>
</div>
`;

exports[`Test Inactive Date Component Component 1`] = `
<div
  className="card-container"
>
  <div
    className=""
  >
    <div
      className="date-text"
      onClick={[Function]}
    >
      
    </div>
  </div>
</div>
`;

exports[`Test Today Date Component Component 1`] = `
<div
  className="card-container"
>
  <div
    className=""
  >
    <div
      className="date-text"
      onClick={[Function]}
    >
      
    </div>
  </div>
</div>
`;
